[1] "Perform new calculations for Bundestagswahl 2029 (allensbach)..."
[btw] 2026-07-23: no support for bsw — excluded for this date
[btw] 2026-06-24: no support for bsw — excluded for this date
[btw] 2026-04-17: no support for bsw — excluded for this date
[btw] 2026-05-11: no support for bsw — excluded for this date
[btw] 2026-03-02: no support for bsw — excluded for this date
[btw] 2026-03-21: no support for bsw — excluded for this date
[btw] 2026-01-31: no support for bsw — excluded for this date
[btw] 2024-01-25: no support for bsw — excluded for this date
[btw] 2023-11-23: no support for bsw — excluded for this date
[btw] 2023-12-21: no support for bsw — excluded for this date
[btw] 2023-09-21: no support for bsw — excluded for this date
[btw] 2023-10-25: no support for bsw — excluded for this date
[btw] 2023-07-27: no support for bsw — excluded for this date
[btw] 2023-08-23: no support for bsw — excluded for this date
[btw] 2023-05-18: no support for bsw — excluded for this date
[btw] 2023-06-29: no support for bsw — excluded for this date
[btw] 2023-03-23: no support for bsw — excluded for this date
[btw] 2023-04-26: no support for bsw — excluded for this date
[btw] 2023-01-26: no support for bsw — excluded for this date
[btw] 2023-02-15: no support for bsw — excluded for this date
[btw] 2022-11-24: no support for bsw — excluded for this date
[btw] 2022-12-21: no support for bsw — excluded for this date
[btw] 2022-09-16: no support for bsw — excluded for this date
[btw] 2022-10-20: no support for bsw — excluded for this date
[btw] 2022-07-27: no support for bsw — excluded for this date
[btw] 2022-08-24: no support for bsw — excluded for this date
[btw] 2022-05-27: no support for bsw — excluded for this date
[btw] 2022-06-22: no support for bsw — excluded for this date
[btw] 2022-03-24: no support for bsw — excluded for this date
[btw] 2022-04-13: no support for bsw — excluded for this date
[btw] 2022-01-26: no support for bsw — excluded for this date
[btw] 2022-02-24: no support for bsw — excluded for this date
[btw] 2021-11-18: no support for bsw — excluded for this date
[btw] 2021-12-22: no support for bsw — excluded for this date
[btw] 2021-09-24: no support for bsw — excluded for this date
[btw] 2021-10-20: no support for bsw — excluded for this date
[btw] 2021-08-28: no support for bsw — excluded for this date
[btw] 2021-09-08: no support for bsw — excluded for this date
[btw] 2021-07-28: no support for bsw — excluded for this date
[btw] 2021-08-19: no support for bsw — excluded for this date
[btw] 2021-06-16: no support for bsw — excluded for this date
[btw] 2021-07-20: no support for bsw — excluded for this date
[btw] 2021-04-21: no support for bsw — excluded for this date
[btw] 2021-05-19: no support for bsw — excluded for this date
[btw] 2021-02-25: no support for bsw — excluded for this date
[btw] 2021-03-24: no support for bsw — excluded for this date
[btw] 2021-01-28: no support for bsw — excluded for this date
[1] "Perform new calculations for Bundestagswahl 2029 (emnid)..."
[btw] 2024-01-20: no support for bsw — excluded for this date
[btw] 2023-12-16: no support for bsw — excluded for this date
[btw] 2023-12-23: no support for bsw — excluded for this date
[btw] 2023-12-02: no support for bsw — excluded for this date
[btw] 2023-12-09: no support for bsw — excluded for this date
[btw] 2023-11-18: no support for bsw — excluded for this date
[btw] 2023-11-25: no support for bsw — excluded for this date
[btw] 2023-11-04: no support for bsw — excluded for this date
[btw] 2023-11-11: no support for bsw — excluded for this date
[btw] 2023-10-21: no support for bsw — excluded for this date
[btw] 2023-10-28: no support for bsw — excluded for this date
[btw] 2023-10-07: no support for bsw — excluded for this date
[btw] 2023-10-14: no support for bsw — excluded for this date
[btw] 2023-09-23: no support for bsw — excluded for this date
[btw] 2023-09-30: no support for bsw — excluded for this date
[btw] 2023-09-09: no support for bsw — excluded for this date
[btw] 2023-09-16: no support for bsw — excluded for this date
[btw] 2023-08-26: no support for bsw — excluded for this date
[btw] 2023-09-02: no support for bsw — excluded for this date
[btw] 2023-08-12: no support for bsw — excluded for this date
[btw] 2023-08-19: no support for bsw — excluded for this date
[btw] 2023-07-29: no support for bsw — excluded for this date
[btw] 2023-08-05: no support for bsw — excluded for this date
[btw] 2023-07-15: no support for bsw — excluded for this date
[btw] 2023-07-22: no support for bsw — excluded for this date
[btw] 2023-07-01: no support for bsw — excluded for this date
[btw] 2023-07-08: no support for bsw — excluded for this date
[btw] 2023-06-17: no support for bsw — excluded for this date
[btw] 2023-06-24: no support for bsw — excluded for this date
[btw] 2023-06-03: no support for bsw — excluded for this date
[btw] 2023-06-10: no support for bsw — excluded for this date
[btw] 2023-05-20: no support for bsw — excluded for this date
[btw] 2023-05-27: no support for bsw — excluded for this date
[btw] 2023-05-06: no support for bsw — excluded for this date
[btw] 2023-05-13: no support for bsw — excluded for this date
[btw] 2023-04-22: no support for bsw — excluded for this date
[btw] 2023-04-29: no support for bsw — excluded for this date
[btw] 2023-04-08: no support for bsw — excluded for this date
[btw] 2023-04-15: no support for bsw — excluded for this date
[btw] 2023-03-25: no support for bsw — excluded for this date
[btw] 2023-04-01: no support for bsw — excluded for this date
[btw] 2023-03-11: no support for bsw — excluded for this date
[btw] 2023-03-18: no support for bsw — excluded for this date
[btw] 2023-02-25: no support for bsw — excluded for this date
[btw] 2023-03-04: no support for bsw — excluded for this date
[btw] 2023-02-11: no support for bsw — excluded for this date
[btw] 2023-02-18: no support for bsw — excluded for this date
[btw] 2023-01-28: no support for bsw — excluded for this date
[btw] 2023-02-04: no support for bsw — excluded for this date
[btw] 2023-01-14: no support for bsw — excluded for this date
[btw] 2023-01-21: no support for bsw — excluded for this date
[btw] 2022-12-17: no support for bsw — excluded for this date
[btw] 2022-12-24: no support for bsw — excluded for this date
[btw] 2022-12-03: no support for bsw — excluded for this date
[btw] 2022-12-10: no support for bsw — excluded for this date
[btw] 2022-11-19: no support for bsw — excluded for this date
[btw] 2022-11-26: no support for bsw — excluded for this date
[btw] 2022-11-05: no support for bsw — excluded for this date
[btw] 2022-11-12: no support for bsw — excluded for this date
[btw] 2022-10-22: no support for bsw — excluded for this date
[btw] 2022-10-29: no support for bsw — excluded for this date
[btw] 2022-10-08: no support for bsw — excluded for this date
[btw] 2022-10-15: no support for bsw — excluded for this date
[btw] 2022-09-24: no support for bsw — excluded for this date
[btw] 2022-10-01: no support for bsw — excluded for this date
[btw] 2022-09-10: no support for bsw — excluded for this date
[btw] 2022-09-17: no support for bsw — excluded for this date
[btw] 2022-08-27: no support for bsw — excluded for this date
[btw] 2022-09-03: no support for bsw — excluded for this date
[btw] 2022-08-13: no support for bsw — excluded for this date
[btw] 2022-08-20: no support for bsw — excluded for this date
[btw] 2022-07-30: no support for bsw — excluded for this date
[btw] 2022-08-06: no support for bsw — excluded for this date
[btw] 2022-07-16: no support for bsw — excluded for this date
[btw] 2022-07-23: no support for bsw — excluded for this date
[btw] 2022-07-02: no support for bsw — excluded for this date
[btw] 2022-07-09: no support for bsw — excluded for this date
[btw] 2022-06-18: no support for bsw — excluded for this date
[btw] 2022-06-25: no support for bsw — excluded for this date
[btw] 2022-06-04: no support for bsw — excluded for this date
[btw] 2022-06-11: no support for bsw — excluded for this date
[btw] 2022-05-21: no support for bsw — excluded for this date
[btw] 2022-05-28: no support for bsw — excluded for this date
[btw] 2022-05-07: no support for bsw — excluded for this date
[btw] 2022-05-14: no support for bsw — excluded for this date
[btw] 2022-04-23: no support for bsw — excluded for this date
[btw] 2022-04-30: no support for bsw — excluded for this date
[btw] 2022-04-09: no support for bsw — excluded for this date
[btw] 2022-04-16: no support for bsw — excluded for this date
[btw] 2022-03-26: no support for bsw — excluded for this date
[btw] 2022-04-02: no support for bsw — excluded for this date
[btw] 2022-03-12: no support for bsw — excluded for this date
[btw] 2022-03-19: no support for bsw — excluded for this date
[btw] 2022-02-26: no support for bsw — excluded for this date
[btw] 2022-03-05: no support for bsw — excluded for this date
[btw] 2022-02-12: no support for bsw — excluded for this date
[btw] 2022-02-19: no support for bsw — excluded for this date
[btw] 2022-01-29: no support for bsw — excluded for this date
[btw] 2022-02-05: no support for bsw — excluded for this date
[btw] 2022-01-15: no support for bsw — excluded for this date
[btw] 2022-01-22: no support for bsw — excluded for this date
[btw] 2021-12-18: no support for bsw — excluded for this date
[btw] 2021-12-27: no support for bsw — excluded for this date
[btw] 2021-12-04: no support for bsw — excluded for this date
[btw] 2021-12-11: no support for bsw — excluded for this date
[btw] 2021-11-20: no support for bsw — excluded for this date
[btw] 2021-11-27: no support for bsw — excluded for this date
[btw] 2021-11-06: no support for bsw — excluded for this date
[btw] 2021-11-13: no support for bsw — excluded for this date
[btw] 2021-10-23: no support for bsw — excluded for this date
[btw] 2021-10-30: no support for bsw — excluded for this date
[btw] 2021-10-09: no support for bsw — excluded for this date
[btw] 2021-10-14: no support for bsw — excluded for this date
[btw] 2021-09-16: no support for bsw — excluded for this date
[btw] 2021-09-23: no support for bsw — excluded for this date
[btw] 2021-09-02: no support for bsw — excluded for this date
[btw] 2021-09-09: no support for bsw — excluded for this date
[btw] 2021-08-19: no support for bsw — excluded for this date
[btw] 2021-08-26: no support for bsw — excluded for this date
[btw] 2021-08-04: no support for bsw — excluded for this date
[btw] 2021-08-11: no support for bsw — excluded for this date
[btw] 2021-07-23: no support for bsw — excluded for this date
[btw] 2021-07-30: no support for bsw — excluded for this date
[btw] 2021-07-10: no support for bsw — excluded for this date
[btw] 2021-07-16: no support for bsw — excluded for this date
[btw] 2021-06-25: no support for bsw — excluded for this date
[btw] 2021-07-02: no support for bsw — excluded for this date
[btw] 2021-06-11: no support for bsw — excluded for this date
[btw] 2021-06-18: no support for bsw — excluded for this date
[btw] 2021-05-28: no support for bsw — excluded for this date
[btw] 2021-06-05: no support for bsw — excluded for this date
[btw] 2021-05-15: no support for bsw — excluded for this date
[btw] 2021-05-21: no support for bsw — excluded for this date
[btw] 2021-05-01: no support for bsw — excluded for this date
[btw] 2021-05-08: no support for bsw — excluded for this date
[btw] 2021-04-18: no support for bsw — excluded for this date
[btw] 2021-04-24: no support for bsw — excluded for this date
[btw] 2021-04-04: no support for bsw — excluded for this date
[btw] 2021-04-11: no support for bsw — excluded for this date
[btw] 2021-03-20: no support for bsw — excluded for this date
[btw] 2021-03-27: no support for bsw — excluded for this date
[btw] 2021-03-07: no support for bsw — excluded for this date
[btw] 2021-03-14: no support for bsw — excluded for this date
[btw] 2021-02-20: no support for bsw — excluded for this date
[btw] 2021-02-27: no support for bsw — excluded for this date
[btw] 2021-02-07: no support for bsw — excluded for this date
[btw] 2021-02-14: no support for bsw — excluded for this date
[btw] 2021-01-24: no support for bsw — excluded for this date
[btw] 2021-01-31: no support for bsw — excluded for this date
[btw] 2021-01-17: no support for bsw — excluded for this date
[1] "Perform new calculations for Bundestagswahl 2029 (fgw)..."
[btw] 2026-07-17: no support for bsw — excluded for this date
[btw] 2026-06-19: no support for bsw — excluded for this date
[btw] 2026-05-22: no support for bsw — excluded for this date
[btw] 2026-06-05: no support for bsw — excluded for this date
[btw] 2026-04-17: no support for bsw — excluded for this date
[btw] 2026-05-08: no support for bsw — excluded for this date
[btw] 2026-03-27: no support for bsw, fdp — excluded for this date
[btw] 2026-02-27: no support for bsw, fdp — excluded for this date
[btw] 2026-02-06: no support for bsw, fdp — excluded for this date
[btw] 2026-01-16: no support for bsw, fdp — excluded for this date
[btw] 2025-12-12: no support for bsw, fdp — excluded for this date
[btw] 2025-11-21: no support for bsw, fdp — excluded for this date
[btw] 2025-11-07: no support for bsw, fdp — excluded for this date
[btw] 2025-10-24: no support for bsw, fdp — excluded for this date
[btw] 2025-10-02: no support for bsw — excluded for this date
[btw] 2023-12-15: no support for bsw — excluded for this date
[btw] 2023-11-24: no support for bsw — excluded for this date
[btw] 2023-11-10: no support for bsw — excluded for this date
[btw] 2023-10-20: no support for bsw — excluded for this date
[btw] 2023-09-15: no support for bsw — excluded for this date
[btw] 2023-08-18: no support for bsw — excluded for this date
[btw] 2023-07-14: no support for bsw — excluded for this date
[btw] 2023-06-30: no support for bsw — excluded for this date
[btw] 2023-06-16: no support for bsw — excluded for this date
[btw] 2023-05-26: no support for bsw — excluded for this date
[btw] 2023-05-05: no support for bsw — excluded for this date
[btw] 2023-04-21: no support for bsw — excluded for this date
[btw] 2023-03-31: no support for bsw — excluded for this date
[btw] 2023-03-17: no support for bsw — excluded for this date
[btw] 2023-03-03: no support for bsw — excluded for this date
[btw] 2023-02-17: no support for bsw — excluded for this date
[btw] 2023-01-27: no support for bsw — excluded for this date
[btw] 2023-01-13: no support for bsw — excluded for this date
[btw] 2022-12-16: no support for bsw — excluded for this date
[btw] 2022-11-25: no support for bsw — excluded for this date
[btw] 2022-11-11: no support for bsw — excluded for this date
[btw] 2022-10-21: no support for bsw — excluded for this date
[btw] 2022-09-30: no support for bsw — excluded for this date
[btw] 2022-09-09: no support for bsw — excluded for this date
[btw] 2022-08-12: no support for bsw — excluded for this date
[btw] 2022-07-15: no support for bsw — excluded for this date
[btw] 2022-07-01: no support for bsw — excluded for this date
[btw] 2022-06-17: no support for bsw — excluded for this date
[btw] 2022-05-20: no support for bsw — excluded for this date
[btw] 2022-04-29: no support for bsw — excluded for this date
[btw] 2022-04-08: no support for bsw — excluded for this date
[btw] 2022-03-11: no support for bsw — excluded for this date
[btw] 2022-03-02: no support for bsw — excluded for this date
[btw] 2022-02-11: no support for bsw — excluded for this date
[btw] 2022-01-28: no support for bsw — excluded for this date
[btw] 2022-01-14: no support for bsw — excluded for this date
[btw] 2021-12-10: no support for bsw — excluded for this date
[btw] 2021-11-26: no support for bsw — excluded for this date
[btw] 2021-11-12: no support for bsw — excluded for this date
[btw] 2021-10-29: no support for bsw — excluded for this date
[btw] 2021-10-15: no support for bsw — excluded for this date
[btw] 2021-10-01: no support for bsw — excluded for this date
[btw] 2021-09-23: no support for bsw — excluded for this date
[btw] 2021-09-17: no support for bsw — excluded for this date
[btw] 2021-09-10: no support for bsw — excluded for this date
[btw] 2021-09-03: no support for bsw — excluded for this date
[btw] 2021-08-27: no support for bsw — excluded for this date
[btw] 2021-08-13: no support for bsw — excluded for this date
[btw] 2021-07-30: no support for bsw — excluded for this date
[btw] 2021-07-16: no support for bsw — excluded for this date
[btw] 2021-06-25: no support for bsw — excluded for this date
[btw] 2021-06-10: no support for bsw — excluded for this date
[btw] 2021-05-21: no support for bsw — excluded for this date
[btw] 2021-05-07: no support for bsw — excluded for this date
[btw] 2021-04-16: no support for bsw — excluded for this date
[btw] 2021-03-26: no support for bsw — excluded for this date
[btw] 2021-02-26: no support for bsw — excluded for this date
[btw] 2021-01-28: no support for bsw — excluded for this date
[btw] 2021-01-15: no support for bsw — excluded for this date
[1] "Perform new calculations for Bundestagswahl 2029 (forsa)..."
[btw] 2026-07-28: no support for bsw — excluded for this date
[btw] 2026-07-21: no support for bsw — excluded for this date
[btw] 2026-07-14: no support for bsw — excluded for this date
[btw] 2026-05-12: no support for bsw — excluded for this date
[btw] 2026-04-28: no support for bsw — excluded for this date
[btw] 2026-05-05: no support for bsw — excluded for this date
[btw] 2026-04-14: no support for bsw — excluded for this date
[btw] 2026-04-21: no support for bsw — excluded for this date
[btw] 2026-03-31: no support for fdp — excluded for this date
[btw] 2026-04-07: no support for bsw, fdp — excluded for this date
[btw] 2026-03-24: no support for fdp — excluded for this date
[btw] 2026-03-17: no support for fdp — excluded for this date
[btw] 2025-11-18: no support for bsw — excluded for this date
[btw] 2024-01-16: no support for bsw — excluded for this date
[btw] 2024-01-09: no support for bsw — excluded for this date
[btw] 2023-12-19: no support for bsw — excluded for this date
[btw] 2023-12-12: no support for bsw — excluded for this date
[btw] 2023-12-05: no support for bsw — excluded for this date
[btw] 2023-11-28: no support for bsw — excluded for this date
[btw] 2023-11-21: no support for bsw — excluded for this date
[btw] 2023-11-14: no support for bsw — excluded for this date
[btw] 2023-11-07: no support for bsw — excluded for this date
[btw] 2023-10-31: no support for bsw — excluded for this date
[btw] 2023-10-24: no support for bsw — excluded for this date
[btw] 2023-10-17: no support for bsw — excluded for this date
[btw] 2023-10-10: no support for bsw — excluded for this date
[btw] 2023-10-02: no support for bsw — excluded for this date
[btw] 2023-09-26: no support for bsw — excluded for this date
[btw] 2023-09-19: no support for bsw — excluded for this date
[btw] 2023-09-12: no support for bsw — excluded for this date
[btw] 2023-09-05: no support for bsw — excluded for this date
[btw] 2023-08-29: no support for bsw — excluded for this date
[btw] 2023-08-15: no support for bsw — excluded for this date
[btw] 2023-08-22: no support for bsw — excluded for this date
[btw] 2023-08-01: no support for bsw — excluded for this date
[btw] 2023-08-08: no support for bsw — excluded for this date
[btw] 2023-07-18: no support for bsw — excluded for this date
[btw] 2023-07-25: no support for bsw — excluded for this date
[btw] 2023-07-04: no support for bsw — excluded for this date
[btw] 2023-07-11: no support for bsw — excluded for this date
[btw] 2023-06-20: no support for bsw — excluded for this date
[btw] 2023-06-27: no support for bsw — excluded for this date
[btw] 2023-06-06: no support for bsw — excluded for this date
[btw] 2023-06-13: no support for bsw — excluded for this date
[btw] 2023-05-23: no support for bsw — excluded for this date
[btw] 2023-05-30: no support for bsw — excluded for this date
[btw] 2023-05-09: no support for bsw — excluded for this date
[btw] 2023-05-16: no support for bsw — excluded for this date
[btw] 2023-04-25: no support for bsw — excluded for this date
[btw] 2023-05-02: no support for bsw — excluded for this date
[btw] 2023-04-11: no support for bsw — excluded for this date
[btw] 2023-04-18: no support for bsw — excluded for this date
[btw] 2023-03-28: no support for bsw — excluded for this date
[btw] 2023-04-04: no support for bsw — excluded for this date
[btw] 2023-03-14: no support for bsw — excluded for this date
[btw] 2023-03-21: no support for bsw — excluded for this date
[btw] 2023-02-28: no support for bsw — excluded for this date
[btw] 2023-03-07: no support for bsw — excluded for this date
[btw] 2023-02-14: no support for bsw — excluded for this date
[btw] 2023-02-21: no support for bsw — excluded for this date
[btw] 2023-01-31: no support for bsw — excluded for this date
[btw] 2023-02-07: no support for bsw — excluded for this date
[btw] 2023-01-17: no support for bsw — excluded for this date
[btw] 2023-01-24: no support for bsw — excluded for this date
[btw] 2022-12-20: no support for bsw — excluded for this date
[btw] 2023-01-10: no support for bsw — excluded for this date
[btw] 2022-12-06: no support for bsw — excluded for this date
[btw] 2022-12-13: no support for bsw — excluded for this date
[btw] 2022-11-22: no support for bsw — excluded for this date
[btw] 2022-11-29: no support for bsw — excluded for this date
[btw] 2022-11-08: no support for bsw — excluded for this date
[btw] 2022-11-15: no support for bsw — excluded for this date
[btw] 2022-10-25: no support for bsw — excluded for this date
[btw] 2022-11-02: no support for bsw — excluded for this date
[btw] 2022-10-11: no support for bsw — excluded for this date
[btw] 2022-10-18: no support for bsw — excluded for this date
[btw] 2022-09-27: no support for bsw — excluded for this date
[btw] 2022-10-04: no support for bsw — excluded for this date
[btw] 2022-09-13: no support for bsw — excluded for this date
[btw] 2022-09-20: no support for bsw — excluded for this date
[btw] 2022-08-30: no support for bsw — excluded for this date
[btw] 2022-09-06: no support for bsw — excluded for this date
[btw] 2022-08-16: no support for bsw — excluded for this date
[btw] 2022-08-23: no support for bsw — excluded for this date
[btw] 2022-08-02: no support for bsw — excluded for this date
[btw] 2022-08-09: no support for bsw — excluded for this date
[btw] 2022-07-19: no support for bsw — excluded for this date
[btw] 2022-07-26: no support for bsw — excluded for this date
[btw] 2022-07-05: no support for bsw — excluded for this date
[btw] 2022-07-12: no support for bsw — excluded for this date
[btw] 2022-06-21: no support for bsw — excluded for this date
[btw] 2022-06-28: no support for bsw — excluded for this date
[btw] 2022-06-07: no support for bsw — excluded for this date
[btw] 2022-06-14: no support for bsw — excluded for this date
[btw] 2022-05-24: no support for bsw — excluded for this date
[btw] 2022-05-31: no support for bsw — excluded for this date
[btw] 2022-05-10: no support for bsw — excluded for this date
[btw] 2022-05-17: no support for bsw — excluded for this date
[btw] 2022-04-26: no support for bsw — excluded for this date
[btw] 2022-05-03: no support for bsw — excluded for this date
[btw] 2022-04-12: no support for bsw — excluded for this date
[btw] 2022-04-19: no support for bsw — excluded for this date
[btw] 2022-03-29: no support for bsw — excluded for this date
[btw] 2022-04-05: no support for bsw — excluded for this date
[btw] 2022-03-15: no support for bsw — excluded for this date
[btw] 2022-03-22: no support for bsw — excluded for this date
[btw] 2022-03-01: no support for bsw — excluded for this date
[btw] 2022-03-08: no support for bsw — excluded for this date
[btw] 2022-02-15: no support for bsw — excluded for this date
[btw] 2022-02-22: no support for bsw — excluded for this date
[btw] 2022-02-01: no support for bsw — excluded for this date
[btw] 2022-02-08: no support for bsw — excluded for this date
[btw] 2022-01-18: no support for bsw — excluded for this date
[btw] 2022-01-25: no support for bsw — excluded for this date
[btw] 2021-12-21: no support for bsw — excluded for this date
[btw] 2022-01-11: no support for bsw — excluded for this date
[btw] 2021-12-07: no support for bsw — excluded for this date
[btw] 2021-12-14: no support for bsw — excluded for this date
[btw] 2021-11-23: no support for bsw — excluded for this date
[btw] 2021-11-30: no support for bsw — excluded for this date
[btw] 2021-11-09: no support for bsw — excluded for this date
[btw] 2021-11-16: no support for bsw — excluded for this date
[btw] 2021-10-26: no support for bsw — excluded for this date
[btw] 2021-11-02: no support for bsw — excluded for this date
[btw] 2021-10-12: no support for bsw — excluded for this date
[btw] 2021-10-19: no support for bsw — excluded for this date
[btw] 2021-09-24: no support for bsw — excluded for this date
[btw] 2021-10-05: no support for bsw — excluded for this date
[btw] 2021-09-14: no support for bsw — excluded for this date
[btw] 2021-09-21: no support for bsw — excluded for this date
[btw] 2021-08-31: no support for bsw — excluded for this date
[btw] 2021-09-07: no support for bsw — excluded for this date
[btw] 2021-08-18: no support for bsw — excluded for this date
[btw] 2021-08-24: no support for bsw — excluded for this date
[btw] 2021-08-03: no support for bsw — excluded for this date
[btw] 2021-08-11: no support for bsw — excluded for this date
[btw] 2021-07-21: no support for bsw — excluded for this date
[btw] 2021-07-28: no support for bsw — excluded for this date
[btw] 2021-07-07: no support for bsw — excluded for this date
[btw] 2021-07-14: no support for bsw — excluded for this date
[btw] 2021-06-23: no support for bsw — excluded for this date
[btw] 2021-06-30: no support for bsw — excluded for this date
[btw] 2021-06-09: no support for bsw — excluded for this date
[btw] 2021-06-16: no support for bsw — excluded for this date
[btw] 2021-05-26: no support for bsw — excluded for this date
[btw] 2021-06-02: no support for bsw — excluded for this date
[btw] 2021-05-12: no support for bsw — excluded for this date
[btw] 2021-05-19: no support for bsw — excluded for this date
[btw] 2021-04-28: no support for bsw — excluded for this date
[btw] 2021-05-05: no support for bsw — excluded for this date
[btw] 2021-04-14: no support for bsw — excluded for this date
[btw] 2021-04-20: no support for bsw — excluded for this date
[btw] 2021-03-31: no support for bsw — excluded for this date
[btw] 2021-04-07: no support for bsw — excluded for this date
[btw] 2021-03-17: no support for bsw — excluded for this date
[btw] 2021-03-24: no support for bsw — excluded for this date
[btw] 2021-03-02: no support for bsw — excluded for this date
[btw] 2021-03-10: no support for bsw — excluded for this date
[btw] 2021-02-16: no support for bsw — excluded for this date
[btw] 2021-02-23: no support for bsw — excluded for this date
[btw] 2021-02-02: no support for bsw — excluded for this date
[btw] 2021-02-09: no support for bsw — excluded for this date
[btw] 2021-01-18: no support for bsw — excluded for this date
[btw] 2021-01-26: no support for bsw — excluded for this date
[btw] 2021-01-09: no support for bsw — excluded for this date
[1] "Perform new calculations for Bundestagswahl 2029 (gms)..."
[btw] 2024-01-03: no support for bsw — excluded for this date
[btw] 2023-12-12: no support for bsw — excluded for this date
[btw] 2023-09-19: no support for bsw — excluded for this date
[btw] 2023-08-09: no support for bsw — excluded for this date
[btw] 2023-07-04: no support for bsw — excluded for this date
[btw] 2023-06-06: no support for bsw — excluded for this date
[btw] 2023-04-04: no support for bsw — excluded for this date
[btw] 2023-02-21: no support for bsw — excluded for this date
[btw] 2023-01-04: no support for bsw — excluded for this date
[btw] 2022-12-02: no support for bsw — excluded for this date
[btw] 2022-10-26: no support for bsw — excluded for this date
[btw] 2022-09-21: no support for bsw — excluded for this date
[btw] 2022-07-27: no support for bsw — excluded for this date
[btw] 2022-06-21: no support for bsw — excluded for this date
[btw] 2022-04-26: no support for bsw — excluded for this date
[btw] 2022-05-31: no support for bsw — excluded for this date
[btw] 2022-01-04: no support for bsw — excluded for this date
[btw] 2022-03-01: no support for bsw — excluded for this date
[btw] 2021-09-14: no support for bsw — excluded for this date
[btw] 2021-11-05: no support for bsw — excluded for this date
[btw] 2021-09-07: no support for bsw — excluded for this date
[btw] 2021-07-27: no support for bsw — excluded for this date
[btw] 2021-06-21: no support for bsw — excluded for this date
[btw] 2021-05-17: no support for bsw — excluded for this date
[btw] 2021-03-29: no support for bsw — excluded for this date
[btw] 2021-02-15: no support for bsw — excluded for this date
[btw] 2021-01-04: no support for bsw — excluded for this date
[1] "Perform new calculations for Bundestagswahl 2029 (infratest)..."
[btw] 2026-07-02: no support for bsw — excluded for this date
[btw] 2026-03-05: no support for fdp — excluded for this date
[btw] 2024-01-04: no support for bsw — excluded for this date
[btw] 2023-12-21: no support for bsw — excluded for this date
[btw] 2023-12-07: no support for bsw — excluded for this date
[btw] 2023-11-09: no support for bsw — excluded for this date
[btw] 2023-11-02: no support for bsw — excluded for this date
[btw] 2023-10-12: no support for bsw — excluded for this date
[btw] 2023-09-28: no support for bsw — excluded for this date
[btw] 2023-09-14: no support for bsw — excluded for this date
[btw] 2023-08-31: no support for bsw — excluded for this date
[btw] 2023-08-17: no support for bsw — excluded for this date
[btw] 2023-08-03: no support for bsw — excluded for this date
[btw] 2023-07-20: no support for bsw — excluded for this date
[btw] 2023-07-06: no support for bsw — excluded for this date
[btw] 2023-06-22: no support for bsw — excluded for this date
[btw] 2023-06-01: no support for bsw — excluded for this date
[btw] 2023-05-11: no support for bsw — excluded for this date
[btw] 2023-05-04: no support for bsw — excluded for this date
[btw] 2023-04-13: no support for bsw — excluded for this date
[btw] 2023-04-06: no support for bsw — excluded for this date
[btw] 2023-03-16: no support for bsw — excluded for this date
[btw] 2023-03-02: no support for bsw — excluded for this date
[btw] 2023-02-16: no support for bsw — excluded for this date
[btw] 2023-02-02: no support for bsw — excluded for this date
[btw] 2023-01-19: no support for bsw — excluded for this date
[btw] 2023-01-05: no support for bsw — excluded for this date
[btw] 2022-12-08: no support for bsw — excluded for this date
[btw] 2022-12-01: no support for bsw — excluded for this date
[btw] 2022-11-10: no support for bsw — excluded for this date
[btw] 2022-11-03: no support for bsw — excluded for this date
[btw] 2022-10-13: no support for bsw — excluded for this date
[btw] 2022-10-06: no support for bsw — excluded for this date
[btw] 2022-09-15: no support for bsw — excluded for this date
[btw] 2022-09-01: no support for bsw — excluded for this date
[btw] 2022-08-18: no support for bsw — excluded for this date
[btw] 2022-08-04: no support for bsw — excluded for this date
[btw] 2022-07-21: no support for bsw — excluded for this date
[btw] 2022-07-07: no support for bsw — excluded for this date
[btw] 2022-06-23: no support for bsw — excluded for this date
[btw] 2022-06-02: no support for bsw — excluded for this date
[btw] 2022-05-12: no support for bsw — excluded for this date
[btw] 2022-04-28: no support for bsw — excluded for this date
[btw] 2022-04-14: no support for bsw — excluded for this date
[btw] 2022-04-07: no support for bsw — excluded for this date
[btw] 2022-03-17: no support for bsw — excluded for this date
[btw] 2022-03-03: no support for bsw — excluded for this date
[btw] 2022-02-17: no support for bsw — excluded for this date
[btw] 2022-02-03: no support for bsw — excluded for this date
[btw] 2022-01-20: no support for bsw — excluded for this date
[btw] 2022-01-06: no support for bsw — excluded for this date
[btw] 2021-12-09: no support for bsw — excluded for this date
[btw] 2021-12-02: no support for bsw — excluded for this date
[btw] 2021-11-25: no support for bsw — excluded for this date
[btw] 2021-11-04: no support for bsw — excluded for this date
[btw] 2021-10-28: no support for bsw — excluded for this date
[btw] 2021-09-16: no support for bsw — excluded for this date
[btw] 2021-09-02: no support for bsw — excluded for this date
[btw] 2021-08-19: no support for bsw — excluded for this date
[btw] 2021-08-05: no support for bsw — excluded for this date
[btw] 2021-07-22: no support for bsw — excluded for this date
[btw] 2021-07-01: no support for bsw — excluded for this date
[btw] 2021-06-24: no support for bsw — excluded for this date
[btw] 2021-06-10: no support for bsw — excluded for this date
[btw] 2021-05-13: no support for bsw — excluded for this date
[btw] 2021-05-06: no support for bsw — excluded for this date
[btw] 2021-04-15: no support for bsw — excluded for this date
[btw] 2021-04-01: no support for bsw — excluded for this date
[btw] 2021-03-18: no support for bsw — excluded for this date
[btw] 2021-03-04: no support for bsw — excluded for this date
[btw] 2021-02-18: no support for bsw — excluded for this date
[btw] 2021-02-04: no support for bsw — excluded for this date
[btw] 2021-01-21: no support for bsw — excluded for this date
[btw] 2021-01-07: no support for bsw — excluded for this date
[1] "Perform new calculations for Bundestagswahl 2029 (insa)..."
